// Jest Snapshot v1, https://goo.gl/fbAQLP

exports[`SearchBar should render the component correctly 1`] = `
<div>
  <div
    class="search-bar"
  >
    <input
      placeholder="Search"
      type="text"
      value="Bitcoin"
    />
    <button
      type="button"
    >
      Search
    </button>
  </div>
</div>
`;
